// Jest Snapshot v1, https://goo.gl/fbAQLP

exports[`Genre should renders correctly 1`] = `ShallowWrapper {}`;
