// Jest Snapshot v1, https://goo.gl/fbAQLP

exports[`MainPage should renders correctly 1`] = `ShallowWrapper {}`;
