// Jest Snapshot v1, https://goo.gl/fbAQLP

exports[`SmallMovieCard should renders correctly 1`] = `
<article
  className="small-movie-card catalog__movies-card"
  onMouseEnter={[Function]}
>
  <div
    className="small-movie-card__image"
  >
    <img
      alt="Fantastic Beasts: The Crimes of Grindelwald"
      height="175"
      src="img/macbeth.jpg"
      width="280"
    />
  </div>
  <h3
    className="small-movie-card__title"
  >
    <a
      className="small-movie-card__link"
      href="movie-page.html"
    >
      Macbeth
    </a>
  </h3>
</article>
`;
